
> Configure project :
Fabric Loom: 1.9.2

> Task :compileJava
.\gradlew.bat : 警告: 未知的枚举常量 Env.CLIENT
所在位置 行:1 字符: 1
+ .\gradlew.bat build --console=plain > build_output.txt 2>&1; $output  ...
+ ~~~~~~~~~~~~~~~~~~~~~~~~~~~~~~~~~~~~~~~~~~~~~~~~~~~~~~~~~~~
    + CategoryInfo          : NotSpecified: (警告: 未知的枚举常量 Env.CLIENT:String) [] 
   , RemoteException
    + FullyQualifiedErrorId : NativeCommandError
 
  原因: 找不到com.demonwav.mcdev.annotations.Env的类文件
C:\Users\ASUS\Desktop\clear test\扩展包\幻形者诅咒附属\src\main\java\net\onixary\shapeShi
fterCurseFabric\ssc_addon\client\model\WitchFamiliarModel.java:10: 警告: [removal
] mod.azure.azurelib.model 中的 GeoModel 已过时, 且标记为待删除
public class WitchFamiliarModel extends GeoModel<WitchFamiliarEntity> {
                                        ^
C:\Users\ASUS\Desktop\clear test\扩展包\幻形者诅咒附属\src\main\java\net\onixary\shapeShi
fterCurseFabric\ssc_addon\client\model\WitchFamiliarModel.java:10: 警告: [removal
] mod.azure.azurelib.model 中的 GeoModel 已过时, 且标记为待删除
public class WitchFamiliarModel extends GeoModel<WitchFamiliarEntity> {
                                        ^
C:\Users\ASUS\Desktop\clear test\扩展包\幻形者诅咒附属\src\main\java\net\onixary\shapeShi
fterCurseFabric\ssc_addon\client\model\WitchFamiliarModel.java:10: 警告: [removal
] mod.azure.azurelib.model 中的 GeoModel 已过时, 且标记为待删除
public class WitchFamiliarModel extends GeoModel<WitchFamiliarEntity> {
                                        ^
C:\Users\ASUS\Desktop\clear test\扩展包\幻形者诅咒附属\src\main\java\net\onixary\shapeShi
fterCurseFabric\ssc_addon\client\model\WitchFamiliarModel.java:10: 警告: [removal
] mod.azure.azurelib.model 中的 GeoModel 已过时, 且标记为待删除
public class WitchFamiliarModel extends GeoModel<WitchFamiliarEntity> {
                                        ^
C:\Users\ASUS\Desktop\clear test\扩展包\幻形者诅咒附属\src\main\java\net\onixary\shapeShi
fterCurseFabric\ssc_addon\client\model\WitchFamiliarModel.java:10: 警告: [removal
] mod.azure.azurelib.model 中的 GeoModel 已过时, 且标记为待删除
public class WitchFamiliarModel extends GeoModel<WitchFamiliarEntity> {
                                        ^
C:\Users\ASUS\Desktop\clear test\扩展包\幻形者诅咒附属\src\main\java\net\onixary\shapeShi
fterCurseFabric\ssc_addon\client\model\WitchFamiliarModel.java:10: 警告: [removal
] mod.azure.azurelib.model 中的 GeoModel 已过时, 且标记为待删除
public class WitchFamiliarModel extends GeoModel<WitchFamiliarEntity> {
                                        ^
C:\Users\ASUS\Desktop\clear test\扩展包\幻形者诅咒附属\src\main\java\net\onixary\shapeShi
fterCurseFabric\ssc_addon\entity\WitchFamiliarEntity.java:61: 警告: [removal] mod
.azure.azurelib.animatable 中的 GeoEntity 已过时, 且标记为待删除
public class WitchFamiliarEntity extends HostileEntity implements GeoEntity {
                                                                  ^
C:\Users\ASUS\Desktop\clear test\扩展包\幻形者诅咒附属\src\main\java\net\onixary\shapeShi
fterCurseFabric\ssc_addon\entity\WitchFamiliarEntity.java:61: 警告: [removal] mod
.azure.azurelib.animatable 中的 GeoEntity 已过时, 且标记为待删除
public class WitchFamiliarEntity extends HostileEntity implements GeoEntity {
                                                                  ^
C:\Users\ASUS\Desktop\clear test\扩展包\幻形者诅咒附属\src\main\java\net\onixary\shapeShi
fterCurseFabric\ssc_addon\entity\WitchFamiliarEntity.java:61: 警告: [removal] mod
.azure.azurelib.animatable 中的 GeoEntity 已过时, 且标记为待删除
public class WitchFamiliarEntity extends HostileEntity implements GeoEntity {
                                                                  ^
C:\Users\ASUS\Desktop\clear test\扩展包\幻形者诅咒附属\src\main\java\net\onixary\shapeShi
fterCurseFabric\ssc_addon\entity\WitchFamiliarEntity.java:74: 警告: [removal] mod
.azure.azurelib.core.animatable.instance 中的 AnimatableInstanceCache 已过时, 且标记为待删
除
	private final AnimatableInstanceCache cache = AzureLibUtil.createInstanceCache
(this);
	              ^
C:\Users\ASUS\Desktop\clear test\扩展包\幻形者诅咒附属\src\main\java\net\onixary\shapeShi
fterCurseFabric\ssc_addon\entity\WitchFamiliarEntity.java:74: 警告: [removal] mod
.azure.azurelib.core.animatable.instance 中的 AnimatableInstanceCache 已过时, 且标记为待删
除
	private final AnimatableInstanceCache cache = AzureLibUtil.createInstanceCache
(this);
	              ^
C:\Users\ASUS\Desktop\clear test\扩展包\幻形者诅咒附属\src\main\java\net\onixary\shapeShi
fterCurseFabric\ssc_addon\entity\WitchFamiliarEntity.java:74: 警告: [removal] mod
.azure.azurelib.core.animatable.instance 中的 AnimatableInstanceCache 已过时, 且标记为待删
除
	private final AnimatableInstanceCache cache = AzureLibUtil.createInstanceCache
(this);
	              ^
C:\Users\ASUS\Desktop\clear test\扩展包\幻形者诅咒附属\src\main\java\net\onixary\shapeShi
fterCurseFabric\ssc_addon\entity\WitchFamiliarEntity.java:74: 警告: [removal] Azu
reLibUtil 中的 createInstanceCache(GeoAnimatable) 已过时, 且标记为待删除
	private final AnimatableInstanceCache cache = AzureLibUtil.createInstanceCache
(this);
	                                                          ^
C:\Users\ASUS\Desktop\clear test\扩展包\幻形者诅咒附属\src\main\java\net\onixary\shapeShi
fterCurseFabric\ssc_addon\entity\WitchFamiliarEntity.java:494: 警告: [removal] mo
d.azure.azurelib.core.animation 中的 AnimatableManager 已过时, 且标记为待删除
	public void registerControllers(AnimatableManager.ControllerRegistrar controll
ers) {
	                                ^
C:\Users\ASUS\Desktop\clear test\扩展包\幻形者诅咒附属\src\main\java\net\onixary\shapeShi
fterCurseFabric\ssc_addon\entity\WitchFamiliarEntity.java:494: 警告: [removal] mo
d.azure.azurelib.core.animation 中的 AnimatableManager 已过时, 且标记为待删除
	public void registerControllers(AnimatableManager.ControllerRegistrar controll
ers) {
	                                ^
C:\Users\ASUS\Desktop\clear test\扩展包\幻形者诅咒附属\src\main\java\net\onixary\shapeShi
fterCurseFabric\ssc_addon\entity\WitchFamiliarEntity.java:494: 警告: [removal] mo
d.azure.azurelib.core.animation 中的 AnimatableManager 已过时, 且标记为待删除
	public void registerControllers(AnimatableManager.ControllerRegistrar controll
ers) {
	                                ^
C:\Users\ASUS\Desktop\clear test\扩展包\幻形者诅咒附属\src\main\java\net\onixary\shapeShi
fterCurseFabric\ssc_addon\entity\WitchFamiliarEntity.java:496: 警告: [removal] mo
d.azure.azurelib.core.animation 中的 AnimationController 已过时, 且标记为待删除
		controllers.add(new AnimationController<>(this, "movement", 3, state -> {
		                    ^
警告: [removal] mod.azure.azurelib.core.animation 中的 AnimationState 已过时, 且标记为待删除
C:\Users\ASUS\Desktop\clear test\扩展包\幻形者诅咒附属\src\main\java\net\onixary\shapeShi
fterCurseFabric\ssc_addon\entity\WitchFamiliarEntity.java:498: 警告: [removal] mo
d.azure.azurelib.core.animation 中的 RawAnimation 已过时, 且标记为待删除
				state.setAnimation(RawAnimation.begin().then("walk", Animation.LoopType.LOO
P));
				                   ^
C:\Users\ASUS\Desktop\clear test\扩展包\幻形者诅咒附属\src\main\java\net\onixary\shapeShi
fterCurseFabric\ssc_addon\entity\WitchFamiliarEntity.java:500: 警告: [removal] mo
d.azure.azurelib.core.animation 中的 RawAnimation 已过时, 且标记为待删除
				state.setAnimation(RawAnimation.begin().then("idle", Animation.LoopType.LOO
P));
				                   ^
C:\Users\ASUS\Desktop\clear test\扩展包\幻形者诅咒附属\src\main\java\net\onixary\shapeShi
fterCurseFabric\ssc_addon\entity\WitchFamiliarEntity.java:502: 警告: [removal] mo
d.azure.azurelib.core.object 中的 PlayState 已过时, 且标记为待删除
			return PlayState.CONTINUE;
			       ^
C:\Users\ASUS\Desktop\clear test\扩展包\幻形者诅咒附属\src\main\java\net\onixary\shapeShi
fterCurseFabric\ssc_addon\entity\WitchFamiliarEntity.java:505: 警告: [removal] mo
d.azure.azurelib.core.animation 中的 AnimationController 已过时, 且标记为待删除
		controllers.add(new AnimationController<>(this, "attack", 0, state -> {
		                    ^
警告: [removal] mod.azure.azurelib.core.animation 中的 AnimationState 已过时, 且标记为待删除
C:\Users\ASUS\Desktop\clear test\扩展包\幻形者诅咒附属\src\main\java\net\onixary\shapeShi
fterCurseFabric\ssc_addon\entity\WitchFamiliarEntity.java:507: 警告: [removal] mo
d.azure.azurelib.core.animation 中的 RawAnimation 已过时, 且标记为待删除
				return state.setAndContinue(RawAnimation.begin().thenPlay("attack"));
				                            ^
C:\Users\ASUS\Desktop\clear test\扩展包\幻形者诅咒附属\src\main\java\net\onixary\shapeShi
fterCurseFabric\ssc_addon\entity\WitchFamiliarEntity.java:510: 警告: [removal] mo
d.azure.azurelib.core.object 中的 PlayState 已过时, 且标记为待删除
			return PlayState.STOP;
			       ^
C:\Users\ASUS\Desktop\clear test\扩展包\幻形者诅咒附属\src\main\java\net\onixary\shapeShi
fterCurseFabric\ssc_addon\entity\WitchFamiliarEntity.java:515: 警告: [removal] mo
d.azure.azurelib.core.animatable.instance 中的 AnimatableInstanceCache 已过时, 且标记为待
删除
	public AnimatableInstanceCache getAnimatableInstanceCache() {
	       ^
C:\Users\ASUS\Desktop\clear test\扩展包\幻形者诅咒附属\src\main\java\net\onixary\shapeShi
fterCurseFabric\ssc_addon\entity\WitchFamiliarEntity.java:515: 警告: [removal] mo
d.azure.azurelib.core.animatable.instance 中的 AnimatableInstanceCache 已过时, 且标记为待
删除
	public AnimatableInstanceCache getAnimatableInstanceCache() {
	       ^
C:\Users\ASUS\Desktop\clear test\扩展包\幻形者诅咒附属\src\main\java\net\onixary\shapeShi
fterCurseFabric\ssc_addon\entity\WitchFamiliarEntity.java:515: 警告: [removal] mo
d.azure.azurelib.core.animatable.instance 中的 AnimatableInstanceCache 已过时, 且标记为待
删除
	public AnimatableInstanceCache getAnimatableInstanceCache() {
	       ^
C:\Users\ASUS\Desktop\clear test\扩展包\幻形者诅咒附属\src\main\java\net\onixary\shapeShi
fterCurseFabric\ssc_addon\client\renderer\layer\WitchFamiliarEyesLayer.java:19:
 警告: [removal] mod.azure.azurelib.renderer.layer 中的 GeoRenderLayer 已过时, 且标记为待删除
public class WitchFamiliarEyesLayer extends GeoRenderLayer<WitchFamiliarEntity>
 {
                                            ^
C:\Users\ASUS\Desktop\clear test\扩展包\幻形者诅咒附属\src\main\java\net\onixary\shapeShi
fterCurseFabric\ssc_addon\client\renderer\layer\WitchFamiliarEyesLayer.java:19:
 警告: [removal] mod.azure.azurelib.renderer.layer 中的 GeoRenderLayer 已过时, 且标记为待删除
public class WitchFamiliarEyesLayer extends GeoRenderLayer<WitchFamiliarEntity>
 {
                                            ^
C:\Users\ASUS\Desktop\clear test\扩展包\幻形者诅咒附属\src\main\java\net\onixary\shapeShi
fterCurseFabric\ssc_addon\client\renderer\layer\WitchFamiliarEyesLayer.java:19:
 警告: [removal] mod.azure.azurelib.renderer.layer 中的 GeoRenderLayer 已过时, 且标记为待删除
public class WitchFamiliarEyesLayer extends GeoRenderLayer<WitchFamiliarEntity>
 {
                                            ^
C:\Users\ASUS\Desktop\clear test\扩展包\幻形者诅咒附属\src\main\java\net\onixary\shapeShi
fterCurseFabric\ssc_addon\client\renderer\layer\WitchFamiliarEyesLayer.java:19:
 警告: [removal] mod.azure.azurelib.renderer.layer 中的 GeoRenderLayer 已过时, 且标记为待删除
public class WitchFamiliarEyesLayer extends GeoRenderLayer<WitchFamiliarEntity>
 {
                                            ^
C:\Users\ASUS\Desktop\clear test\扩展包\幻形者诅咒附属\src\main\java\net\onixary\shapeShi
fterCurseFabric\ssc_addon\client\renderer\layer\WitchFamiliarEyesLayer.java:19:
 警告: [removal] mod.azure.azurelib.renderer.layer 中的 GeoRenderLayer 已过时, 且标记为待删除
public class WitchFamiliarEyesLayer extends GeoRenderLayer<WitchFamiliarEntity>
 {
                                            ^
C:\Users\ASUS\Desktop\clear test\扩展包\幻形者诅咒附属\src\main\java\net\onixary\shapeShi
fterCurseFabric\ssc_addon\client\renderer\layer\WitchFamiliarEyesLayer.java:19:
 警告: [removal] mod.azure.azurelib.renderer.layer 中的 GeoRenderLayer 已过时, 且标记为待删除
public class WitchFamiliarEyesLayer extends GeoRenderLayer<WitchFamiliarEntity>
 {
                                            ^
C:\Users\ASUS\Desktop\clear test\扩展包\幻形者诅咒附属\src\main\java\net\onixary\shapeShi
fterCurseFabric\ssc_addon\client\renderer\layer\WitchFamiliarEyesLayer.java:25:
 警告: [removal] mod.azure.azurelib.renderer 中的 GeoEntityRenderer 已过时, 且标记为待删除
	public WitchFamiliarEyesLayer(GeoEntityRenderer<WitchFamiliarEntity> renderer)
 {
	                              ^
C:\Users\ASUS\Desktop\clear test\扩展包\幻形者诅咒附属\src\main\java\net\onixary\shapeShi
fterCurseFabric\ssc_addon\client\renderer\layer\WitchFamiliarEyesLayer.java:25:
 警告: [removal] mod.azure.azurelib.renderer 中的 GeoEntityRenderer 已过时, 且标记为待删除
	public WitchFamiliarEyesLayer(GeoEntityRenderer<WitchFamiliarEntity> renderer)
 {
	                              ^
C:\Users\ASUS\Desktop\clear test\扩展包\幻形者诅咒附属\src\main\java\net\onixary\shapeShi
fterCurseFabric\ssc_addon\client\renderer\layer\WitchFamiliarEyesLayer.java:25:
 警告: [removal] mod.azure.azurelib.renderer 中的 GeoEntityRenderer 已过时, 且标记为待删除
	public WitchFamiliarEyesLayer(GeoEntityRenderer<WitchFamiliarEntity> renderer)
 {
	                              ^
C:\Users\ASUS\Desktop\clear test\扩展包\幻形者诅咒附属\src\main\java\net\onixary\shapeShi
fterCurseFabric\ssc_addon\client\renderer\layer\WitchFamiliarEyesLayer.java:31:
 警告: [removal] mod.azure.azurelib.cache.object 中的 BakedGeoModel 已过时, 且标记为待删除
	                   BakedGeoModel bakedModel, RenderLayer renderType,
	                   ^
C:\Users\ASUS\Desktop\clear test\扩展包\幻形者诅咒附属\src\main\java\net\onixary\shapeShi
fterCurseFabric\ssc_addon\client\renderer\layer\WitchFamiliarEyesLayer.java:31:
 警告: [removal] mod.azure.azurelib.cache.object 中的 BakedGeoModel 已过时, 且标记为待删除
	                   BakedGeoModel bakedModel, RenderLayer renderType,
	                   ^
C:\Users\ASUS\Desktop\clear test\扩展包\幻形者诅咒附属\src\main\java\net\onixary\shapeShi
fterCurseFabric\ssc_addon\client\renderer\layer\WitchFamiliarEyesLayer.java:31:
 警告: [removal] mod.azure.azurelib.cache.object 中的 BakedGeoModel 已过时, 且标记为待删除
	                   BakedGeoModel bakedModel, RenderLayer renderType,
	                   ^
C:\Users\ASUS\Desktop\clear test\扩展包\幻形者诅咒附属\src\main\java\net\onixary\shapeShi
fterCurseFabric\ssc_addon\client\renderer\WitchFamiliarRenderer.java:29: 警告: [r
emoval] mod.azure.azurelib.renderer 中的 GeoEntityRenderer 已过时, 且标记为待删除
public class WitchFamiliarRenderer extends GeoEntityRenderer<WitchFamiliarEntit
y> {
                                           ^
C:\Users\ASUS\Desktop\clear test\扩展包\幻形者诅咒附属\src\main\java\net\onixary\shapeShi
fterCurseFabric\ssc_addon\client\renderer\WitchFamiliarRenderer.java:29: 警告: [r
emoval] mod.azure.azurelib.renderer 中的 GeoEntityRenderer 已过时, 且标记为待删除
public class WitchFamiliarRenderer extends GeoEntityRenderer<WitchFamiliarEntit
y> {
                                           ^
C:\Users\ASUS\Desktop\clear test\扩展包\幻形者诅咒附属\src\main\java\net\onixary\shapeShi
fterCurseFabric\ssc_addon\client\renderer\WitchFamiliarRenderer.java:29: 警告: [r
emoval] mod.azure.azurelib.renderer 中的 GeoEntityRenderer 已过时, 且标记为待删除
public class WitchFamiliarRenderer extends GeoEntityRenderer<WitchFamiliarEntit
y> {
                                           ^
C:\Users\ASUS\Desktop\clear test\扩展包\幻形者诅咒附属\src\main\java\net\onixary\shapeShi
fterCurseFabric\ssc_addon\client\renderer\WitchFamiliarRenderer.java:29: 警告: [r
emoval] mod.azure.azurelib.renderer 中的 GeoEntityRenderer 已过时, 且标记为待删除
public class WitchFamiliarRenderer extends GeoEntityRenderer<WitchFamiliarEntit
y> {
                                           ^
C:\Users\ASUS\Desktop\clear test\扩展包\幻形者诅咒附属\src\main\java\net\onixary\shapeShi
fterCurseFabric\ssc_addon\client\renderer\WitchFamiliarRenderer.java:29: 警告: [r
emoval] mod.azure.azurelib.renderer 中的 GeoEntityRenderer 已过时, 且标记为待删除
public class WitchFamiliarRenderer extends GeoEntityRenderer<WitchFamiliarEntit
y> {
                                           ^
C:\Users\ASUS\Desktop\clear test\扩展包\幻形者诅咒附属\src\main\java\net\onixary\shapeShi
fterCurseFabric\ssc_addon\client\renderer\WitchFamiliarRenderer.java:29: 警告: [r
emoval] mod.azure.azurelib.renderer 中的 GeoEntityRenderer 已过时, 且标记为待删除
public class WitchFamiliarRenderer extends GeoEntityRenderer<WitchFamiliarEntit
y> {
                                           ^
C:\Users\ASUS\Desktop\clear test\扩展包\幻形者诅咒附属\src\main\java\net\onixary\shapeShi
fterCurseFabric\ssc_addon\client\renderer\WitchFamiliarRenderer.java:106: 警告: [
removal] mod.azure.azurelib.cache.object 中的 BakedGeoModel 已过时, 且标记为待删除
	public void preRender(MatrixStack poseStack, WitchFamiliarEntity animatable, B
akedGeoModel model,
	                                                                             ^
C:\Users\ASUS\Desktop\clear test\扩展包\幻形者诅咒附属\src\main\java\net\onixary\shapeShi
fterCurseFabric\ssc_addon\client\renderer\WitchFamiliarRenderer.java:106: 警告: [
removal] mod.azure.azurelib.cache.object 中的 BakedGeoModel 已过时, 且标记为待删除
	public void preRender(MatrixStack poseStack, WitchFamiliarEntity animatable, B
akedGeoModel model,
	                                                                             ^
C:\Users\ASUS\Desktop\clear test\扩展包\幻形者诅咒附属\src\main\java\net\onixary\shapeShi
fterCurseFabric\ssc_addon\client\renderer\WitchFamiliarRenderer.java:106: 警告: [
removal] mod.azure.azurelib.cache.object 中的 BakedGeoModel 已过时, 且标记为待删除
	public void preRender(MatrixStack poseStack, WitchFamiliarEntity animatable, B
akedGeoModel model,
	                                                                             ^
警告: [removal] mod.azure.azurelib.cache.object 中的 GeoBone 已过时, 且标记为待删除
警告: [removal] mod.azure.azurelib.cache.object 中的 GeoBone 已过时, 且标记为待删除
警告: [removal] mod.azure.azurelib.cache.object 中的 GeoBone 已过时, 且标记为待删除
C:\Users\ASUS\Desktop\clear test\扩展包\幻形者诅咒附属\src\main\java\net\onixary\shapeShi
fterCurseFabric\ssc_addon\client\renderer\WitchFamiliarRenderer.java:209: 警告: [
removal] mod.azure.azurelib.cache.object 中的 GeoBone 已过时, 且标记为待删除
			Optional<GeoBone> firstBone = getGeoModel().getBone(prefix + "_0");
			         ^
C:\Users\ASUS\Desktop\clear test\扩展包\幻形者诅咒附属\src\main\java\net\onixary\shapeShi
fterCurseFabric\ssc_addon\client\renderer\WitchFamiliarRenderer.java:212: 警告: [
removal] mod.azure.azurelib.cache.object 中的 GeoBone 已过时, 且标记为待删除
			GeoBone tail = firstBone.get();
			^
C:\Users\ASUS\Desktop\clear test\扩展包\幻形者诅咒附属\src\main\java\net\onixary\shapeShi
fterCurseFabric\ssc_addon\client\renderer\WitchFamiliarRenderer.java:225: 警告: [
removal] mod.azure.azurelib.cache.object 中的 GeoBone 已过时, 且标记为待删除
				Optional<GeoBone> nextBone = getGeoModel().getBone(prefix + "_" + i);
				         ^
C:\Users\ASUS\Desktop\clear test\扩展包\幻形者诅咒附属\src\main\java\net\onixary\shapeShi
fterCurseFabric\ssc_addon\client\renderer\WitchFamiliarRenderer.java:228: 警告: [
removal] mod.azure.azurelib.cache.object 中的 GeoBone 已过时, 且标记为待删除
				GeoBone bone = nextBone.get();
				^
C:\Users\ASUS\Desktop\clear test\扩展包\幻形者诅咒附属\src\main\java\net\onixary\shapeShi
fterCurseFabric\ssc_addon\client\renderer\WitchFamiliarRenderer.java:246: 警告: [
removal] mod.azure.azurelib.cache.object 中的 GeoBone 已过时, 且标记为待删除
			Optional<GeoBone> firstBone = getGeoModel().getBone(prefix + "_0");
			         ^
C:\Users\ASUS\Desktop\clear test\扩展包\幻形者诅咒附属\src\main\java\net\onixary\shapeShi
fterCurseFabric\ssc_addon\client\renderer\WitchFamiliarRenderer.java:249: 警告: [
removal] mod.azure.azurelib.cache.object 中的 GeoBone 已过时, 且标记为待删除
			GeoBone ear = firstBone.get();
			^
C:\Users\ASUS\Desktop\clear test\扩展包\幻形者诅咒附属\src\main\java\net\onixary\shapeShi
fterCurseFabric\ssc_addon\client\renderer\WitchFamiliarRenderer.java:261: 警告: [
removal] mod.azure.azurelib.cache.object 中的 GeoBone 已过时, 且标记为待删除
				Optional<GeoBone> nextBone = getGeoModel().getBone(prefix + "_" + i);
				         ^
C:\Users\ASUS\Desktop\clear test\扩展包\幻形者诅咒附属\src\main\java\net\onixary\shapeShi
fterCurseFabric\ssc_addon\client\renderer\WitchFamiliarRenderer.java:264: 警告: [
removal] mod.azure.azurelib.cache.object 中的 GeoBone 已过时, 且标记为待删除
				GeoBone bone = nextBone.get();
				^
警告: [removal] mod.azure.azurelib.cache.object 中的 GeoBone 已过时, 且标记为待删除
警告: [removal] mod.azure.azurelib.cache.object 中的 GeoBone 已过时, 且标记为待删除
C:\Users\ASUS\Desktop\clear test\扩展包\幻形者诅咒附属\src\main\java\net\onixary\shapeShi
fterCurseFabric\ssc_addon\mixin\render\OriginFurMixin.java:31: 警告: [removal] mo
d.azure.azurelib.renderer 中的 GeoObjectRenderer 已过时, 且标记为待删除
public abstract class OriginFurMixin extends GeoObjectRenderer<OriginFurAnimata
ble> {
                                             ^
C:\Users\ASUS\Desktop\clear test\扩展包\幻形者诅咒附属\src\main\java\net\onixary\shapeShi
fterCurseFabric\ssc_addon\mixin\render\OriginFurMixin.java:31: 警告: [removal] mo
d.azure.azurelib.renderer 中的 GeoObjectRenderer 已过时, 且标记为待删除
public abstract class OriginFurMixin extends GeoObjectRenderer<OriginFurAnimata
ble> {
                                             ^
C:\Users\ASUS\Desktop\clear test\扩展包\幻形者诅咒附属\src\main\java\net\onixary\shapeShi
fterCurseFabric\ssc_addon\mixin\render\OriginFurMixin.java:31: 警告: [removal] mo
d.azure.azurelib.renderer 中的 GeoObjectRenderer 已过时, 且标记为待删除
public abstract class OriginFurMixin extends GeoObjectRenderer<OriginFurAnimata
ble> {
                                             ^
C:\Users\ASUS\Desktop\clear test\扩展包\幻形者诅咒附属\src\main\java\net\onixary\shapeShi
fterCurseFabric\ssc_addon\mixin\render\OriginFurMixin.java:31: 警告: [removal] mo
d.azure.azurelib.renderer 中的 GeoObjectRenderer 已过时, 且标记为待删除
public abstract class OriginFurMixin extends GeoObjectRenderer<OriginFurAnimata
ble> {
                                             ^
C:\Users\ASUS\Desktop\clear test\扩展包\幻形者诅咒附属\src\main\java\net\onixary\shapeShi
fterCurseFabric\ssc_addon\mixin\render\OriginFurMixin.java:31: 警告: [removal] mo
d.azure.azurelib.renderer 中的 GeoObjectRenderer 已过时, 且标记为待删除
public abstract class OriginFurMixin extends GeoObjectRenderer<OriginFurAnimata
ble> {
                                             ^
C:\Users\ASUS\Desktop\clear test\扩展包\幻形者诅咒附属\src\main\java\net\onixary\shapeShi
fterCurseFabric\ssc_addon\mixin\render\OriginFurMixin.java:31: 警告: [removal] mo
d.azure.azurelib.renderer 中的 GeoObjectRenderer 已过时, 且标记为待删除
public abstract class OriginFurMixin extends GeoObjectRenderer<OriginFurAnimata
ble> {
                                             ^
C:\Users\ASUS\Desktop\clear test\扩展包\幻形者诅咒附属\src\main\java\net\onixary\shapeShi
fterCurseFabric\ssc_addon\mixin\render\OriginFurMixin.java:41: 警告: [removal] mo
d.azure.azurelib.model 中的 GeoModel 已过时, 且标记为待删除
		GeoModel<OriginFurAnimatable> model = this.getGeoModel();
		^
C:\Users\ASUS\Desktop\clear test\扩展包\幻形者诅咒附属\src\main\java\net\onixary\shapeShi
fterCurseFabric\ssc_addon\mixin\render\OriginFurMixin.java:92: 警告: [removal] mo
d.azure.azurelib.model 中的 GeoModel 已过时, 且标记为待删除
					GeoModel<OriginFurAnimatable> geoModel = this.getGeoModel();
					^
警告: [removal] mod.azure.azurelib.core.animatable.model 中的 CoreGeoBone 已过时, 且标记为
待删除
注: C:\Users\ASUS\Desktop\clear test\扩展包\幻形者诅咒附属\src\main\java\net\onixary\shape
ShifterCurseFabric\ssc_addon\loot\StoryBookLoot.java使用或覆盖了已过时的 API。
注: 有关详细信息, 请使用 -Xlint:deprecation 重新编译。
72 个警告

> Task :processResources UP-TO-DATE
> Task :classes
> Task :jar
> Task :compileTestJava NO-SOURCE
> Task :processIncludeJars UP-TO-DATE
> Task :sourcesJar
> Task :processTestResources NO-SOURCE
> Task :testClasses UP-TO-DATE
> Task :test NO-SOURCE
> Task :validateAccessWidener NO-SOURCE
> Task :check UP-TO-DATE
> Task :remapJar
> Task :remapSourcesJar
> Task :assemble
> Task :build
[Incubating] Problems report is available at: file:///C:/Users/ASUS/Desktop/clear%20test/%E6%89%A9%E5%B1%95%E5%8C%85/%E5%B9%BB%E5%BD%A2%E8%80%85%E8%AF%85%E5%92%92%E9%99%84%E5%B1%9E/build/reports/problems/problems-report.html

BUILD SUCCESSFUL in 9s
7 actionable tasks: 5 executed, 2 up-to-date
